--------------------------------------------------------------------------------
Release 14.7 Trace  (nt)
Copyright (c) 1995-2013 Xilinx, Inc.  All rights reserved.

C:\Xilinx\14.7\ISE_DS\ISE\bin\nt\unwrapped\trce.exe -intstyle ise -o
mojo_top_0.twr -v 30 -l 30 mojo_top_0_routed.ncd mojo_top_0.pcf

Design file:              mojo_top_0_routed.ncd
Physical constraint file: mojo_top_0.pcf
Device,package,speed:     xc6slx9,tqg144,C,-2 (PRODUCTION 1.23 2013-10-13)
Report level:             verbose report, limited to 30 items per constraint

Environment Variable      Effect 
--------------------      ------ 
NONE                      No environment variables were set
--------------------------------------------------------------------------------

INFO:Timing:2698 - No timing constraints found, doing default enumeration.
INFO:Timing:3412 - To improve timing, see the Timing Closure User Guide (UG612).
INFO:Timing:2752 - To get complete path coverage, use the unconstrained paths 
   option. All paths that are not constrained will be reported in the 
   unconstrained paths section(s) of the report.
INFO:Timing:3339 - The clock-to-out numbers in this timing report are based on 
   a 50 Ohm transmission line loading model.  For the details of this model, 
   and for more information on accounting for different loading conditions, 
   please see the device datasheet.



Data Sheet report:
-----------------
All values displayed in nanoseconds (ns)

Pad to Pad
---------------+---------------+---------+
Source Pad     |Destination Pad|  Delay  |
---------------+---------------+---------+
io_dip[0]      |io_led[0]      |   16.169|
io_dip[0]      |io_led[1]      |   15.784|
io_dip[0]      |io_led[2]      |   15.117|
io_dip[0]      |io_led[3]      |   15.603|
io_dip[0]      |io_led[4]      |   14.969|
io_dip[0]      |io_led[5]      |   15.707|
io_dip[0]      |io_led[6]      |   15.635|
io_dip[0]      |io_led[7]      |   16.506|
io_dip[0]      |io_led[8]      |   14.323|
io_dip[0]      |io_led[9]      |   15.168|
io_dip[0]      |io_led[10]     |   14.734|
io_dip[1]      |io_led[0]      |   15.739|
io_dip[1]      |io_led[1]      |   14.362|
io_dip[1]      |io_led[2]      |   13.978|
io_dip[1]      |io_led[3]      |   14.631|
io_dip[1]      |io_led[4]      |   14.196|
io_dip[1]      |io_led[5]      |   15.093|
io_dip[1]      |io_led[6]      |   15.002|
io_dip[1]      |io_led[7]      |   15.367|
io_dip[1]      |io_led[8]      |   13.224|
io_dip[1]      |io_led[9]      |   14.029|
io_dip[1]      |io_led[10]     |   13.595|
io_dip[2]      |io_led[0]      |   15.761|
io_dip[2]      |io_led[1]      |   14.505|
io_dip[2]      |io_led[2]      |   14.121|
io_dip[2]      |io_led[3]      |   14.819|
io_dip[2]      |io_led[4]      |   14.116|
io_dip[2]      |io_led[5]      |   14.962|
io_dip[2]      |io_led[6]      |   14.431|
io_dip[2]      |io_led[7]      |   15.510|
io_dip[2]      |io_led[8]      |   13.327|
io_dip[2]      |io_led[9]      |   14.172|
io_dip[2]      |io_led[10]     |   13.738|
io_dip[3]      |io_led[0]      |   15.596|
io_dip[3]      |io_led[1]      |   14.312|
io_dip[3]      |io_led[2]      |   13.681|
io_dip[3]      |io_led[3]      |   14.654|
io_dip[3]      |io_led[4]      |   13.659|
io_dip[3]      |io_led[5]      |   14.348|
io_dip[3]      |io_led[6]      |   14.321|
io_dip[3]      |io_led[7]      |   14.635|
io_dip[3]      |io_led[8]      |   12.761|
io_dip[3]      |io_led[9]      |   13.297|
io_dip[3]      |io_led[10]     |   12.863|
io_dip[4]      |io_led[0]      |   16.248|
io_dip[4]      |io_led[1]      |   14.524|
io_dip[4]      |io_led[2]      |   13.867|
io_dip[4]      |io_led[3]      |   15.306|
io_dip[4]      |io_led[4]      |   14.420|
io_dip[4]      |io_led[5]      |   15.266|
io_dip[4]      |io_led[6]      |   15.229|
io_dip[4]      |io_led[7]      |   15.096|
io_dip[4]      |io_led[8]      |   13.229|
io_dip[4]      |io_led[9]      |   13.758|
io_dip[4]      |io_led[10]     |   13.324|
io_dip[5]      |io_led[0]      |   15.160|
io_dip[5]      |io_led[1]      |   13.911|
io_dip[5]      |io_led[2]      |   13.330|
io_dip[5]      |io_led[3]      |   14.218|
io_dip[5]      |io_led[4]      |   13.695|
io_dip[5]      |io_led[5]      |   14.541|
io_dip[5]      |io_led[6]      |   14.337|
io_dip[5]      |io_led[7]      |   14.719|
io_dip[5]      |io_led[8]      |   13.035|
io_dip[5]      |io_led[9]      |   13.381|
io_dip[5]      |io_led[10]     |   12.947|
io_dip[8]      |io_led[0]      |   17.965|
io_dip[8]      |io_led[1]      |   19.027|
io_dip[8]      |io_led[2]      |   19.399|
io_dip[8]      |io_led[3]      |   17.754|
io_dip[8]      |io_led[4]      |   18.041|
io_dip[8]      |io_led[5]      |   17.837|
io_dip[8]      |io_led[6]      |   17.716|
io_dip[8]      |io_led[7]      |   17.949|
io_dip[8]      |io_led[8]      |   16.320|
io_dip[8]      |io_led[9]      |   16.113|
io_dip[8]      |io_led[10]     |   15.679|
io_dip[9]      |io_led[0]      |   17.845|
io_dip[9]      |io_led[1]      |   18.907|
io_dip[9]      |io_led[2]      |   19.279|
io_dip[9]      |io_led[3]      |   17.634|
io_dip[9]      |io_led[4]      |   17.921|
io_dip[9]      |io_led[5]      |   17.717|
io_dip[9]      |io_led[6]      |   17.596|
io_dip[9]      |io_led[7]      |   17.829|
io_dip[9]      |io_led[8]      |   16.421|
io_dip[9]      |io_led[9]      |   15.886|
io_dip[9]      |io_led[10]     |   15.709|
io_dip[10]     |io_led[0]      |   18.225|
io_dip[10]     |io_led[1]      |   19.287|
io_dip[10]     |io_led[2]      |   19.659|
io_dip[10]     |io_led[3]      |   18.014|
io_dip[10]     |io_led[4]      |   18.301|
io_dip[10]     |io_led[5]      |   18.097|
io_dip[10]     |io_led[6]      |   17.976|
io_dip[10]     |io_led[7]      |   18.209|
io_dip[10]     |io_led[8]      |   14.203|
io_dip[10]     |io_led[9]      |   14.173|
io_dip[10]     |io_led[10]     |   13.739|
io_dip[11]     |io_led[0]      |   18.796|
io_dip[11]     |io_led[1]      |   19.858|
io_dip[11]     |io_led[2]      |   20.230|
io_dip[11]     |io_led[3]      |   18.585|
io_dip[11]     |io_led[4]      |   18.872|
io_dip[11]     |io_led[5]      |   18.668|
io_dip[11]     |io_led[6]      |   18.547|
io_dip[11]     |io_led[7]      |   18.780|
io_dip[11]     |io_led[8]      |   14.043|
io_dip[11]     |io_led[9]      |   14.013|
io_dip[11]     |io_led[10]     |   13.579|
io_dip[12]     |io_led[0]      |   17.741|
io_dip[12]     |io_led[1]      |   18.803|
io_dip[12]     |io_led[2]      |   19.175|
io_dip[12]     |io_led[3]      |   17.530|
io_dip[12]     |io_led[4]      |   17.817|
io_dip[12]     |io_led[5]      |   17.613|
io_dip[12]     |io_led[6]      |   17.492|
io_dip[12]     |io_led[7]      |   17.725|
io_dip[12]     |io_led[8]      |   14.095|
io_dip[12]     |io_led[9]      |   14.176|
io_dip[12]     |io_led[10]     |   13.742|
io_dip[13]     |io_led[0]      |   17.341|
io_dip[13]     |io_led[1]      |   18.403|
io_dip[13]     |io_led[2]      |   18.775|
io_dip[13]     |io_led[3]      |   17.130|
io_dip[13]     |io_led[4]      |   17.417|
io_dip[13]     |io_led[5]      |   17.213|
io_dip[13]     |io_led[6]      |   17.092|
io_dip[13]     |io_led[7]      |   17.325|
io_dip[13]     |io_led[8]      |   13.595|
io_dip[13]     |io_led[9]      |   13.879|
io_dip[13]     |io_led[10]     |   13.742|
io_dip[14]     |io_led[0]      |   17.552|
io_dip[14]     |io_led[1]      |   18.614|
io_dip[14]     |io_led[2]      |   18.986|
io_dip[14]     |io_led[3]      |   17.341|
io_dip[14]     |io_led[4]      |   17.628|
io_dip[14]     |io_led[5]      |   17.424|
io_dip[14]     |io_led[6]      |   17.303|
io_dip[14]     |io_led[7]      |   17.536|
io_dip[14]     |io_led[8]      |   12.884|
io_dip[14]     |io_led[9]      |   13.162|
io_dip[14]     |io_led[10]     |   12.728|
io_dip[15]     |io_led[0]      |   17.137|
io_dip[15]     |io_led[1]      |   18.199|
io_dip[15]     |io_led[2]      |   18.571|
io_dip[15]     |io_led[3]      |   16.926|
io_dip[15]     |io_led[4]      |   17.213|
io_dip[15]     |io_led[5]      |   17.009|
io_dip[15]     |io_led[6]      |   16.888|
io_dip[15]     |io_led[7]      |   17.121|
io_dip[15]     |io_led[8]      |   12.753|
io_dip[15]     |io_led[9]      |   13.631|
io_dip[15]     |io_led[10]     |   13.197|
io_dip[16]     |io_led[0]      |   17.638|
io_dip[16]     |io_led[1]      |   18.700|
io_dip[16]     |io_led[2]      |   19.072|
io_dip[16]     |io_led[3]      |   17.427|
io_dip[16]     |io_led[4]      |   17.714|
io_dip[16]     |io_led[5]      |   17.510|
io_dip[16]     |io_led[6]      |   17.389|
io_dip[16]     |io_led[7]      |   17.622|
io_dip[16]     |io_led[8]      |   14.268|
io_dip[16]     |io_led[9]      |   14.088|
io_dip[16]     |io_led[10]     |   13.654|
io_dip[17]     |io_led[0]      |   17.231|
io_dip[17]     |io_led[1]      |   18.293|
io_dip[17]     |io_led[2]      |   18.665|
io_dip[17]     |io_led[3]      |   17.020|
io_dip[17]     |io_led[4]      |   17.307|
io_dip[17]     |io_led[5]      |   17.103|
io_dip[17]     |io_led[6]      |   16.982|
io_dip[17]     |io_led[7]      |   17.215|
io_dip[17]     |io_led[8]      |   13.759|
io_dip[17]     |io_led[9]      |   13.661|
io_dip[17]     |io_led[10]     |   13.227|
io_dip[18]     |io_led[0]      |   18.594|
io_dip[18]     |io_led[1]      |   19.656|
io_dip[18]     |io_led[2]      |   20.028|
io_dip[18]     |io_led[3]      |   18.383|
io_dip[18]     |io_led[4]      |   18.670|
io_dip[18]     |io_led[5]      |   18.466|
io_dip[18]     |io_led[6]      |   18.345|
io_dip[18]     |io_led[7]      |   18.578|
io_dip[18]     |io_led[8]      |   16.677|
io_dip[18]     |io_led[9]      |   16.647|
io_dip[18]     |io_led[10]     |   16.213|
io_dip[19]     |io_led[0]      |   18.206|
io_dip[19]     |io_led[1]      |   19.268|
io_dip[19]     |io_led[2]      |   19.640|
io_dip[19]     |io_led[3]      |   17.995|
io_dip[19]     |io_led[4]      |   18.282|
io_dip[19]     |io_led[5]      |   18.078|
io_dip[19]     |io_led[6]      |   17.957|
io_dip[19]     |io_led[7]      |   18.190|
io_dip[19]     |io_led[8]      |   16.317|
io_dip[19]     |io_led[9]      |   16.287|
io_dip[19]     |io_led[10]     |   15.853|
io_dip[20]     |io_led[0]      |   19.359|
io_dip[20]     |io_led[1]      |   20.421|
io_dip[20]     |io_led[2]      |   20.793|
io_dip[20]     |io_led[3]      |   19.148|
io_dip[20]     |io_led[4]      |   19.435|
io_dip[20]     |io_led[5]      |   19.231|
io_dip[20]     |io_led[6]      |   19.110|
io_dip[20]     |io_led[7]      |   19.343|
io_dip[20]     |io_led[8]      |   15.105|
io_dip[20]     |io_led[9]      |   15.186|
io_dip[20]     |io_led[10]     |   14.752|
io_dip[21]     |io_led[0]      |   18.584|
io_dip[21]     |io_led[1]      |   19.646|
io_dip[21]     |io_led[2]      |   20.018|
io_dip[21]     |io_led[3]      |   18.373|
io_dip[21]     |io_led[4]      |   18.660|
io_dip[21]     |io_led[5]      |   18.456|
io_dip[21]     |io_led[6]      |   18.335|
io_dip[21]     |io_led[7]      |   18.568|
io_dip[21]     |io_led[8]      |   16.228|
io_dip[21]     |io_led[9]      |   16.437|
io_dip[21]     |io_led[10]     |   16.003|
io_dip[22]     |io_led[0]      |   19.643|
io_dip[22]     |io_led[1]      |   20.705|
io_dip[22]     |io_led[2]      |   21.077|
io_dip[22]     |io_led[3]      |   19.432|
io_dip[22]     |io_led[4]      |   19.719|
io_dip[22]     |io_led[5]      |   19.515|
io_dip[22]     |io_led[6]      |   19.394|
io_dip[22]     |io_led[7]      |   19.627|
io_dip[22]     |io_led[8]      |   14.427|
io_dip[22]     |io_led[9]      |   14.705|
io_dip[22]     |io_led[10]     |   14.271|
io_dip[23]     |io_led[0]      |   17.920|
io_dip[23]     |io_led[1]      |   18.982|
io_dip[23]     |io_led[2]      |   19.354|
io_dip[23]     |io_led[3]      |   17.709|
io_dip[23]     |io_led[4]      |   17.996|
io_dip[23]     |io_led[5]      |   17.792|
io_dip[23]     |io_led[6]      |   17.671|
io_dip[23]     |io_led[7]      |   17.904|
io_dip[23]     |io_led[8]      |   15.092|
io_dip[23]     |io_led[9]      |   15.970|
io_dip[23]     |io_led[10]     |   15.536|
---------------+---------------+---------+


Analysis completed Mon Oct 16 10:19:03 2017 
--------------------------------------------------------------------------------

Trace Settings:
-------------------------
Trace Settings 

Peak Memory Usage: 170 MB



