--------------------------------------------------------------------------------
Release 14.7 Trace  (nt)
Copyright (c) 1995-2013 Xilinx, Inc.  All rights reserved.

C:\Xilinx\14.7\ISE_DS\ISE\bin\nt\unwrapped\trce.exe -intstyle ise -o
mojo_top_0.twr -v 30 -l 30 mojo_top_0_routed.ncd mojo_top_0.pcf

Design file:              mojo_top_0_routed.ncd
Physical constraint file: mojo_top_0.pcf
Device,package,speed:     xc6slx9,tqg144,C,-2 (PRODUCTION 1.23 2013-10-13)
Report level:             verbose report, limited to 30 items per constraint

Environment Variable      Effect 
--------------------      ------ 
NONE                      No environment variables were set
--------------------------------------------------------------------------------

INFO:Timing:2698 - No timing constraints found, doing default enumeration.
INFO:Timing:3412 - To improve timing, see the Timing Closure User Guide (UG612).
INFO:Timing:2752 - To get complete path coverage, use the unconstrained paths 
   option. All paths that are not constrained will be reported in the 
   unconstrained paths section(s) of the report.
INFO:Timing:3339 - The clock-to-out numbers in this timing report are based on 
   a 50 Ohm transmission line loading model.  For the details of this model, 
   and for more information on accounting for different loading conditions, 
   please see the device datasheet.



Data Sheet report:
-----------------
All values displayed in nanoseconds (ns)

Pad to Pad
---------------+---------------+---------+
Source Pad     |Destination Pad|  Delay  |
---------------+---------------+---------+
io_dip[0]      |io_led[0]      |   13.511|
io_dip[0]      |io_led[1]      |   14.814|
io_dip[0]      |io_led[2]      |   13.975|
io_dip[0]      |io_led[3]      |   13.693|
io_dip[0]      |io_led[4]      |   12.921|
io_dip[0]      |io_led[5]      |   13.354|
io_dip[0]      |io_led[6]      |   14.240|
io_dip[0]      |io_led[7]      |   14.225|
io_dip[0]      |io_led[8]      |   12.608|
io_dip[0]      |io_led[9]      |   12.546|
io_dip[0]      |io_led[10]     |   12.548|
io_dip[1]      |io_led[0]      |   15.048|
io_dip[1]      |io_led[1]      |   15.121|
io_dip[1]      |io_led[2]      |   14.242|
io_dip[1]      |io_led[3]      |   13.438|
io_dip[1]      |io_led[4]      |   13.888|
io_dip[1]      |io_led[5]      |   13.889|
io_dip[1]      |io_led[6]      |   14.505|
io_dip[1]      |io_led[7]      |   14.490|
io_dip[1]      |io_led[8]      |   11.658|
io_dip[1]      |io_led[9]      |   12.423|
io_dip[1]      |io_led[10]     |   12.732|
io_dip[2]      |io_led[0]      |   13.896|
io_dip[2]      |io_led[1]      |   14.935|
io_dip[2]      |io_led[2]      |   14.461|
io_dip[2]      |io_led[3]      |   13.657|
io_dip[2]      |io_led[4]      |   13.702|
io_dip[2]      |io_led[5]      |   13.838|
io_dip[2]      |io_led[6]      |   14.724|
io_dip[2]      |io_led[7]      |   14.709|
io_dip[2]      |io_led[8]      |   12.250|
io_dip[2]      |io_led[9]      |   13.068|
io_dip[2]      |io_led[10]     |   12.546|
io_dip[3]      |io_led[0]      |   14.470|
io_dip[3]      |io_led[1]      |   15.604|
io_dip[3]      |io_led[2]      |   14.116|
io_dip[3]      |io_led[3]      |   14.192|
io_dip[3]      |io_led[4]      |   14.371|
io_dip[3]      |io_led[5]      |   14.372|
io_dip[3]      |io_led[6]      |   13.686|
io_dip[3]      |io_led[7]      |   14.575|
io_dip[3]      |io_led[8]      |   12.511|
io_dip[3]      |io_led[9]      |   13.509|
io_dip[3]      |io_led[10]     |   13.215|
io_dip[4]      |io_led[0]      |   13.356|
io_dip[4]      |io_led[1]      |   14.671|
io_dip[4]      |io_led[2]      |   14.309|
io_dip[4]      |io_led[3]      |   13.505|
io_dip[4]      |io_led[4]      |   13.438|
io_dip[4]      |io_led[5]      |   13.686|
io_dip[4]      |io_led[6]      |   14.572|
io_dip[4]      |io_led[7]      |   14.557|
io_dip[4]      |io_led[8]      |   11.628|
io_dip[4]      |io_led[9]      |   12.208|
io_dip[4]      |io_led[10]     |   12.282|
io_dip[5]      |io_led[0]      |   13.925|
io_dip[5]      |io_led[1]      |   13.286|
io_dip[5]      |io_led[2]      |   14.024|
io_dip[5]      |io_led[3]      |   13.585|
io_dip[5]      |io_led[4]      |   12.814|
io_dip[5]      |io_led[5]      |   13.401|
io_dip[5]      |io_led[6]      |   14.287|
io_dip[5]      |io_led[7]      |   14.272|
io_dip[5]      |io_led[8]      |   11.230|
io_dip[5]      |io_led[9]      |   12.307|
io_dip[5]      |io_led[10]     |   12.756|
io_dip[8]      |io_led[0]      |   17.996|
io_dip[8]      |io_led[1]      |   18.242|
io_dip[8]      |io_led[2]      |   17.956|
io_dip[8]      |io_led[3]      |   17.811|
io_dip[8]      |io_led[4]      |   17.759|
io_dip[8]      |io_led[5]      |   17.462|
io_dip[8]      |io_led[6]      |   17.814|
io_dip[8]      |io_led[7]      |   17.875|
io_dip[8]      |io_led[8]      |   15.659|
io_dip[8]      |io_led[9]      |   13.357|
io_dip[8]      |io_led[10]     |   13.843|
io_dip[9]      |io_led[0]      |   18.043|
io_dip[9]      |io_led[1]      |   18.289|
io_dip[9]      |io_led[2]      |   18.003|
io_dip[9]      |io_led[3]      |   17.858|
io_dip[9]      |io_led[4]      |   17.806|
io_dip[9]      |io_led[5]      |   17.509|
io_dip[9]      |io_led[6]      |   17.861|
io_dip[9]      |io_led[7]      |   17.922|
io_dip[9]      |io_led[8]      |   14.397|
io_dip[9]      |io_led[9]      |   12.773|
io_dip[9]      |io_led[10]     |   13.259|
io_dip[10]     |io_led[0]      |   18.412|
io_dip[10]     |io_led[1]      |   18.658|
io_dip[10]     |io_led[2]      |   18.372|
io_dip[10]     |io_led[3]      |   18.227|
io_dip[10]     |io_led[4]      |   18.175|
io_dip[10]     |io_led[5]      |   17.878|
io_dip[10]     |io_led[6]      |   18.230|
io_dip[10]     |io_led[7]      |   18.291|
io_dip[10]     |io_led[8]      |   14.824|
io_dip[10]     |io_led[9]      |   13.527|
io_dip[10]     |io_led[10]     |   14.013|
io_dip[11]     |io_led[0]      |   18.415|
io_dip[11]     |io_led[1]      |   18.661|
io_dip[11]     |io_led[2]      |   18.375|
io_dip[11]     |io_led[3]      |   18.230|
io_dip[11]     |io_led[4]      |   18.178|
io_dip[11]     |io_led[5]      |   17.881|
io_dip[11]     |io_led[6]      |   18.233|
io_dip[11]     |io_led[7]      |   18.294|
io_dip[11]     |io_led[8]      |   14.517|
io_dip[11]     |io_led[9]      |   13.220|
io_dip[11]     |io_led[10]     |   13.706|
io_dip[12]     |io_led[0]      |   17.828|
io_dip[12]     |io_led[1]      |   18.074|
io_dip[12]     |io_led[2]      |   17.788|
io_dip[12]     |io_led[3]      |   17.643|
io_dip[12]     |io_led[4]      |   17.591|
io_dip[12]     |io_led[5]      |   17.294|
io_dip[12]     |io_led[6]      |   17.646|
io_dip[12]     |io_led[7]      |   17.707|
io_dip[12]     |io_led[8]      |   14.111|
io_dip[12]     |io_led[9]      |   12.807|
io_dip[12]     |io_led[10]     |   13.293|
io_dip[13]     |io_led[0]      |   17.675|
io_dip[13]     |io_led[1]      |   17.921|
io_dip[13]     |io_led[2]      |   17.635|
io_dip[13]     |io_led[3]      |   17.490|
io_dip[13]     |io_led[4]      |   17.438|
io_dip[13]     |io_led[5]      |   17.141|
io_dip[13]     |io_led[6]      |   17.493|
io_dip[13]     |io_led[7]      |   17.554|
io_dip[13]     |io_led[8]      |   13.584|
io_dip[13]     |io_led[9]      |   12.291|
io_dip[13]     |io_led[10]     |   12.777|
io_dip[14]     |io_led[0]      |   17.919|
io_dip[14]     |io_led[1]      |   18.165|
io_dip[14]     |io_led[2]      |   17.879|
io_dip[14]     |io_led[3]      |   17.734|
io_dip[14]     |io_led[4]      |   17.682|
io_dip[14]     |io_led[5]      |   17.385|
io_dip[14]     |io_led[6]      |   17.737|
io_dip[14]     |io_led[7]      |   17.798|
io_dip[14]     |io_led[8]      |   13.561|
io_dip[14]     |io_led[9]      |   12.264|
io_dip[14]     |io_led[10]     |   12.750|
io_dip[15]     |io_led[0]      |   17.539|
io_dip[15]     |io_led[1]      |   17.785|
io_dip[15]     |io_led[2]      |   17.499|
io_dip[15]     |io_led[3]      |   17.354|
io_dip[15]     |io_led[4]      |   17.302|
io_dip[15]     |io_led[5]      |   17.005|
io_dip[15]     |io_led[6]      |   17.357|
io_dip[15]     |io_led[7]      |   17.418|
io_dip[15]     |io_led[8]      |   12.139|
io_dip[15]     |io_led[9]      |   11.973|
io_dip[15]     |io_led[10]     |   12.459|
io_dip[16]     |io_led[0]      |   18.649|
io_dip[16]     |io_led[1]      |   18.895|
io_dip[16]     |io_led[2]      |   18.609|
io_dip[16]     |io_led[3]      |   18.464|
io_dip[16]     |io_led[4]      |   18.412|
io_dip[16]     |io_led[5]      |   18.115|
io_dip[16]     |io_led[6]      |   18.467|
io_dip[16]     |io_led[7]      |   18.528|
io_dip[16]     |io_led[8]      |   15.891|
io_dip[16]     |io_led[9]      |   13.589|
io_dip[16]     |io_led[10]     |   14.075|
io_dip[17]     |io_led[0]      |   18.075|
io_dip[17]     |io_led[1]      |   18.321|
io_dip[17]     |io_led[2]      |   18.035|
io_dip[17]     |io_led[3]      |   17.890|
io_dip[17]     |io_led[4]      |   17.838|
io_dip[17]     |io_led[5]      |   17.541|
io_dip[17]     |io_led[6]      |   17.893|
io_dip[17]     |io_led[7]      |   17.954|
io_dip[17]     |io_led[8]      |   14.711|
io_dip[17]     |io_led[9]      |   13.046|
io_dip[17]     |io_led[10]     |   13.532|
io_dip[18]     |io_led[0]      |   18.923|
io_dip[18]     |io_led[1]      |   19.169|
io_dip[18]     |io_led[2]      |   18.883|
io_dip[18]     |io_led[3]      |   18.738|
io_dip[18]     |io_led[4]      |   18.686|
io_dip[18]     |io_led[5]      |   18.389|
io_dip[18]     |io_led[6]      |   18.741|
io_dip[18]     |io_led[7]      |   18.802|
io_dip[18]     |io_led[8]      |   15.224|
io_dip[18]     |io_led[9]      |   13.927|
io_dip[18]     |io_led[10]     |   14.413|
io_dip[19]     |io_led[0]      |   18.608|
io_dip[19]     |io_led[1]      |   18.854|
io_dip[19]     |io_led[2]      |   18.568|
io_dip[19]     |io_led[3]      |   18.423|
io_dip[19]     |io_led[4]      |   18.371|
io_dip[19]     |io_led[5]      |   18.074|
io_dip[19]     |io_led[6]      |   18.426|
io_dip[19]     |io_led[7]      |   18.487|
io_dip[19]     |io_led[8]      |   15.153|
io_dip[19]     |io_led[9]      |   13.856|
io_dip[19]     |io_led[10]     |   14.342|
io_dip[20]     |io_led[0]      |   19.141|
io_dip[20]     |io_led[1]      |   19.387|
io_dip[20]     |io_led[2]      |   19.101|
io_dip[20]     |io_led[3]      |   18.956|
io_dip[20]     |io_led[4]      |   18.904|
io_dip[20]     |io_led[5]      |   18.607|
io_dip[20]     |io_led[6]      |   18.959|
io_dip[20]     |io_led[7]      |   19.020|
io_dip[20]     |io_led[8]      |   15.160|
io_dip[20]     |io_led[9]      |   13.912|
io_dip[20]     |io_led[10]     |   14.342|
io_dip[21]     |io_led[0]      |   19.265|
io_dip[21]     |io_led[1]      |   19.511|
io_dip[21]     |io_led[2]      |   19.225|
io_dip[21]     |io_led[3]      |   19.080|
io_dip[21]     |io_led[4]      |   19.028|
io_dip[21]     |io_led[5]      |   18.731|
io_dip[21]     |io_led[6]      |   19.083|
io_dip[21]     |io_led[7]      |   19.144|
io_dip[21]     |io_led[8]      |   15.594|
io_dip[21]     |io_led[9]      |   14.301|
io_dip[21]     |io_led[10]     |   14.787|
io_dip[22]     |io_led[0]      |   19.371|
io_dip[22]     |io_led[1]      |   19.617|
io_dip[22]     |io_led[2]      |   19.331|
io_dip[22]     |io_led[3]      |   19.186|
io_dip[22]     |io_led[4]      |   19.134|
io_dip[22]     |io_led[5]      |   18.837|
io_dip[22]     |io_led[6]      |   19.189|
io_dip[22]     |io_led[7]      |   19.250|
io_dip[22]     |io_led[8]      |   15.337|
io_dip[22]     |io_led[9]      |   14.040|
io_dip[22]     |io_led[10]     |   14.526|
io_dip[23]     |io_led[0]      |   18.802|
io_dip[23]     |io_led[1]      |   19.048|
io_dip[23]     |io_led[2]      |   18.762|
io_dip[23]     |io_led[3]      |   18.617|
io_dip[23]     |io_led[4]      |   18.565|
io_dip[23]     |io_led[5]      |   18.268|
io_dip[23]     |io_led[6]      |   18.620|
io_dip[23]     |io_led[7]      |   18.681|
io_dip[23]     |io_led[8]      |   14.403|
io_dip[23]     |io_led[9]      |   13.878|
io_dip[23]     |io_led[10]     |   14.279|
---------------+---------------+---------+


Analysis completed Mon Oct 16 01:16:19 2017 
--------------------------------------------------------------------------------

Trace Settings:
-------------------------
Trace Settings 

Peak Memory Usage: 170 MB



